// Jest Snapshot v1, https://goo.gl/fbAQLP

exports[`test GifGridItem debe mosatar componente correctamente 1`] = `
<div
  className="card animate__animated animate__pulse"
>
  <img
    alt="titulo"
    src="https://localhost/img.jpg"
  />
</div>
`;
